[backblue.gif]
[fade.gif]
[index.html]
[localhost/wordpress/feed/index.html]
[localhost/wordpress/comments/feed/index.html]
[localhost/wordpress/wp-includes/js/jquery/jquery.min9d52.js]
[localhost/wordpress/wp-includes/js/jquery/jquery-migrate.mind617.js]
[localhost/wordpress/xmlrpc0db0.php]
[localhost/wordpress/wp-json/index.html]
[localhost/wordpress/wp-includes/wlwmanifest.xml]
[localhost/wordpress/wp-content/uploads/2020/07/tg-logo-1.jpg]
[localhost/wordpress/wp-content/uploads/2015/03/logo-1-1.png]
[themegrilldemos.com/colormag/wp-content/uploads/sites/60/2015/07/ad-color-mag-large.jpg]
[localhost/wordpress/wp-content/uploads/2015/03/fireman-100722_1280-1-800x445.jpg]
[localhost/wordpress/wp-content/uploads/2015/03/vehicle-193213_1280-1-1-800x445.jpg]
[localhost/wordpress/wp-content/uploads/2015/03/bride-301814_1280-1-392x272.jpg]
[localhost/wordpress/wp-content/uploads/2015/03/sea-418742_1920-1-392x272.jpg]
[localhost/wordpress/wp-content/uploads/2015/03/kayaking-569282_1280-1-392x272.jpg]
[localhost/wordpress/wp-content/uploads/2015/03/clouds-sky-stadium-4516-1-392x272.jpg]
[localhost/wordpress/wp-content/uploads/2015/03/coffee-563797_1280-1-390x205.jpg]
[localhost/wordpress/wp-content/uploads/2015/03/mosquito-542156_1280-1-1-130x90.jpg]
[localhost/wordpress/wp-content/uploads/2015/03/solar-eclipse-152834_1280-1-130x90.png]
[localhost/wordpress/wp-content/uploads/2015/03/yummy-333666_1280-1-130x90.jpg]
[localhost/wordpress/wp-content/uploads/2015/03/relay-race-655353_1280-1-1-130x90.jpg]
[localhost/wordpress/wp-content/uploads/2015/03/model-600225_1280-1-390x205.jpg]
[localhost/wordpress/wp-content/uploads/2015/03/beauty-666605_1920-1-130x90.jpg]
[localhost/wordpress/wp-content/uploads/2015/03/window-213496_1280-1-130x90.jpg]
[localhost/wordpress/wp-content/uploads/2015/03/relaxed-498245_1280-1-130x90.jpg]
[themegrilldemos.com/colormag/wp-content/uploads/sites/60/2015/03/72890-ad1.jpg]
[localhost/wordpress/wp-content/uploads/2015/03/iphone-500291_1280-1-390x205.1f.delayed]
[localhost/wordpress/wp-content/uploads/2015/03/supersonic-fighter-63211_1280-1-130x90.jpg]
[localhost/wordpress/wp-content/uploads/2015/03/headphones-15600_1280-1-130x90.jpg]
[localhost/wordpress/wp-content/uploads/2015/03/drone-674238_1280-1-1-130x90.jpg]
[themegrilldemos.com/colormag/wp-content/uploads/sites/60/2015/07/ad-color-mag-medium.jpg]
[localhost/wordpress/wp-content/uploads/2015/03/fireman-100722_1280-1-390x205.jpg]
[localhost/wordpress/wp-content/uploads/2015/03/vehicle-193213_1280-1-1-130x90.jpg]
[localhost/wordpress/wp-content/uploads/2015/03/swimmer-583667_1280-1-130x90.jpg]
[localhost/wordpress/wp-content/uploads/2015/03/newspapers-444453_1280-1-130x90.jpg]
[themegrilldemos.com/colormag/wp-content/uploads/sites/60/2015/03/125ad1.jpg]
[themegrilldemos.com/colormag/wp-content/uploads/sites/60/2015/03/logo-1.png]
[localhost/wordpress/wp-content/themes/colormag/js/jquery.bxslider.minc1b4.js]
[localhost/wordpress/wp-content/themes/colormag/js/sticky/jquery.sticky.minc1b4.js]
[localhost/wordpress/wp-content/themes/colormag/js/news-ticker/jquery.newsTicker.minc1b4.js]
[localhost/wordpress/wp-content/themes/colormag/js/magnific-popup/jquery.magnific-popup.minc1b4.js]
[localhost/wordpress/wp-content/themes/colormag/js/navigation.minc1b4.js]
[localhost/wordpress/wp-content/themes/colormag/js/fitvids/jquery.fitvids.minc1b4.js]
[localhost/wordpress/wp-content/themes/colormag/js/skip-link-focus-fix.minc1b4.js]
[localhost/wordpress/wp-content/themes/colormag/js/colormag-custom.minc1b4.js]
[localhost/wordpress/wp-includes/js/wp-embed.min4c7e.js]
[localhost/wordpress/index.html]
[localhost/wordpress/wp-includes/css/dist/block-library/style.min4c7e.css]
[localhost/wordpress/wp-includes/css/dist/block-library/theme.min4c7e.css]
[localhost/wordpress/wp-includes/fonts/dashicons7d4b.eot]
[localhost/wordpress/wp-includes/fonts/dashicons7d4b.ttf]
[localhost/wordpress/wp-includes/css/dashicons.min4c7e.css]
[localhost/wordpress/wp-content/plugins/everest-forms/assets/fonts/EverestForms1dc3.eot]
[localhost/wordpress/wp-content/plugins/everest-forms/assets/fonts/EverestForms1dc3.ttf]
[localhost/wordpress/wp-content/plugins/everest-forms/assets/fonts/EverestForms1dc3.woff]
[localhost/wordpress/wp-content/plugins/everest-forms/assets/css/everest-forms3e0d.css]
[localhost/wordpress/wp-content/themes/colormag/stylec1b4.css]
[localhost/wordpress/wp-content/themes/colormag/js/magnific-popup/magnific-popup.minc1b4.css]
[localhost/wordpress/wp-content/themes/colormag/fontawesome/fonts/fontawesome-webfont3e6e.eot]
[localhost/wordpress/wp-content/themes/colormag/fontawesome/fonts/fontawesome-webfontd41d.eot]
[localhost/wordpress/wp-content/themes/colormag/fontawesome/fonts/fontawesome-webfont3e6e.woff2]
[localhost/wordpress/wp-content/themes/colormag/fontawesome/fonts/fontawesome-webfont3e6e.woff]
[localhost/wordpress/wp-content/themes/colormag/fontawesome/fonts/fontawesome-webfont3e6e.ttf]
[localhost/wordpress/wp-content/themes/colormag/fontawesome/css/font-awesome.minc1b4.css]
[localhost/wordpress/wp-json/wp/v2/posts/1.json]
[localhost/wordpress/2021/02/28/merhaba-dunya/feed/index.html]
[localhost/wordpress/wp-json/oembed/1.0/embedde1d.json]
[localhost/wordpress/wp-json/oembed/1.0/embed9852]
[localhost/wordpress/2021/02/28/merhaba-dunya/index.html]
[localhost/wordpress/wp-includes/js/comment-reply.min4c7e.js]
[localhost/wordpress/wp-json/wp/v2/posts/392.json]
[localhost/wordpress/wp-json/oembed/1.0/embed6a89.json]
[localhost/wordpress/wp-json/oembed/1.0/embed9123]
[localhost/wordpress/wp-content/uploads/2015/03/iphone-500291_1280-1.jpg]
[localhost/wordpress/wp-content/uploads/2015/03/iphone-500291_1280-1-800x445.jpg]
[localhost/wordpress/wp-content/uploads/2015/03/headphones-15600_1280-1-390x205.jpg]
[localhost/wordpress/wp-content/uploads/2015/03/sea-418742_1920-1-390x205.jpg]
[localhost/wordpress/2015/03/24/teens-use-apps-to-keep-secrets/index.html]
[localhost/wordpress/wp-json/wp/v2/posts/158.json]
[localhost/wordpress/2015/03/24/fastest-plane-in-the-world/feed/index.html]
[localhost/wordpress/wp-json/oembed/1.0/embed0105.json]
[localhost/wordpress/wp-json/oembed/1.0/embedbee6]
[localhost/wordpress/wp-content/uploads/2015/03/supersonic-fighter-63211_1280-1.jpg]
[localhost/wordpress/wp-content/uploads/2015/03/supersonic-fighter-63211_1280-1-800x445.jpg]
[localhost/wordpress/wp-content/uploads/2015/03/drone-674238_1280-1-1-390x205.jpg]
[localhost/wordpress/wp-content/uploads/2015/03/vehicle-193213_1280-1-1-390x205.jpg]
[localhost/wordpress/2015/03/24/fastest-plane-in-the-world/index.html]
[localhost/wordpress/wp-json/wp/v2/posts/154.json]
[localhost/wordpress/2015/03/24/wireless-headphones-are-now-on-market/feed/index.html]
[localhost/wordpress/wp-json/oembed/1.0/embed307e.json]
[localhost/wordpress/wp-json/oembed/1.0/embede326]
[localhost/wordpress/wp-content/uploads/2015/03/headphones-15600_1280-1.jpg]
[localhost/wordpress/wp-content/uploads/2015/03/headphones-15600_1280-1-800x445.jpg]
[localhost/wordpress/wp-content/uploads/2015/03/baseball-583653_1280-1-390x205.jpg]
[localhost/wordpress/wp-content/uploads/2015/03/clouds-sky-stadium-4516-1-390x205.jpg]
[localhost/wordpress/2015/03/24/wireless-headphones-are-now-on-market/index.html]
[localhost/wordpress/wp-json/wp/v2/posts/146.json]
[localhost/wordpress/2015/03/24/drones-being-used-to-monitor-wordcup/feed/index.html]
[localhost/wordpress/wp-json/oembed/1.0/embed625d.json]
[localhost/wordpress/wp-json/oembed/1.0/embedac99]
[localhost/wordpress/wp-content/uploads/2015/03/drone-674238_1280-1-1.jpg]
[localhost/wordpress/wp-content/uploads/2015/03/drone-674238_1280-1-1-800x445.jpg]
[localhost/wordpress/wp-content/uploads/2015/03/window-213496_1280-1-390x205.jpg]
[localhost/wordpress/wp-content/uploads/2015/03/basketball-95607_1280-1-390x205.jpg]
[localhost/wordpress/2015/03/24/drones-being-used-to-monitor-wordcup/index.html]
[localhost/wordpress/wp-json/wp/v2/posts/132.json]
[localhost/wordpress/2015/03/24/solar-eclipse-eye-health-warning/feed/index.html]
[localhost/wordpress/wp-json/oembed/1.0/embedd4a6.json]
[localhost/wordpress/wp-json/oembed/1.0/embed491e]
[localhost/wordpress/wp-content/uploads/2015/03/solar-eclipse-152834_1280-1.png]
[localhost/wordpress/wp-content/uploads/2015/03/solar-eclipse-152834_1280-1-800x445.png]
[localhost/wordpress/wp-content/uploads/2015/03/relay-race-655353_1280-1-1-390x205.jpg]
[localhost/wordpress/2015/03/24/solar-eclipse-eye-health-warning/index.html]
[localhost/wordpress/wp-json/wp/v2/categories/15.json]
[localhost/wordpress/wp-content/uploads/2015/03/relay-race-655353_1280-1-1-800x445.jpg]
[localhost/wordpress/category/sports/feed/index.html]
[localhost/wordpress/wp-content/uploads/2015/03/swimmer-583667_1280-1-800x445.jpg]
[localhost/wordpress/wp-content/uploads/2015/03/football-622873_1280-1-800x445.jpg]
[localhost/wordpress/wp-content/uploads/2015/03/basketball-95607_1280-1-800x445.jpg]
[localhost/wordpress/wp-content/uploads/2015/03/baseball-583653_1280-1-800x445.jpg]
[localhost/wordpress/wp-content/uploads/2015/03/kayaking-569282_1280-1-800x445.jpg]
[localhost/wordpress/wp-content/uploads/2015/03/clouds-sky-stadium-4516-1-800x445.jpg]
[localhost/wordpress/category/sports/index.html]
[localhost/wordpress/wp-json/wp/v2/categories/14.json]
[localhost/wordpress/wp-content/uploads/2015/03/imac-1500_750-1-800x445.jpg]
[localhost/wordpress/category/politics/feed/index.html]
[localhost/wordpress/wp-content/uploads/2015/03/office-620817_1920-1-800x445.jpg]
[localhost/wordpress/wp-content/uploads/2015/03/american-soldier-381847_1280-1-800x445.jpg]
[localhost/wordpress/category/politics/index.html]
[localhost/wordpress/wp-json/wp/v2/categories/17.json]
[localhost/wordpress/category/technology/index.html]
[localhost/wordpress/category/technology/feed/index.html]
[localhost/wordpress/wp-json/wp/v2/categories/5.json]
[localhost/wordpress/category/fashion/feed/index.html]
[localhost/wordpress/wp-content/uploads/2015/03/model-600225_1280-1-800x445.jpg]
[localhost/wordpress/wp-content/uploads/2015/03/beauty-666605_1920-1-800x445.jpg]
[localhost/wordpress/wp-content/uploads/2015/03/window-213496_1280-1-800x445.jpg]
[localhost/wordpress/wp-content/uploads/2015/03/relaxed-498245_1280-1-800x445.jpg]
[localhost/wordpress/wp-content/uploads/2015/03/girl-237871_1280-1-1-800x445.jpg]
[localhost/wordpress/category/fashion/index.html]
[localhost/wordpress/wp-json/wp/v2/categories/11.json]
[localhost/wordpress/category/health/feed/index.html]
[localhost/wordpress/wp-content/uploads/2015/03/coffee-563797_1280-1-800x445.jpg]
[localhost/wordpress/wp-content/uploads/2015/03/mosquito-542156_1280-1-1-800x445.jpg]
[localhost/wordpress/wp-content/uploads/2015/03/yummy-333666_1280-1-800x445.jpg]
[localhost/wordpress/wp-content/uploads/2015/03/thai-food-518035_1920-1-800x445.jpg]
[localhost/wordpress/category/health/index.html]
[localhost/wordpress/wp-json/wp/v2/pages/183.json]
[localhost/wordpress/left-sidebar/feed/index.html]
[localhost/wordpress/wp-json/oembed/1.0/embed94de.json]
[localhost/wordpress/wp-json/oembed/1.0/embed3f86]
[localhost/wordpress/left-sidebar/index.html]
[localhost/wordpress/wp-json/wp/v2/pages/185.json]
[localhost/wordpress/right-sidebar/feed/index.html]
[localhost/wordpress/wp-json/oembed/1.0/embedd3f4.json]
[localhost/wordpress/wp-json/oembed/1.0/embed99e6]
[localhost/wordpress/right-sidebar/index.html]
[localhost/wordpress/no-sidebar-full-width/feed/index.html]
[localhost/wordpress/wp-json/wp/v2/pages/187.json]
[localhost/wordpress/wp-json/oembed/1.0/embede5c1.json]
[localhost/wordpress/wp-json/oembed/1.0/embedf544]
[localhost/wordpress/no-sidebar-full-width/index.html]
[localhost/wordpress/wp-json/wp/v2/pages/190.json]
[localhost/wordpress/no-sidebar-content-centered/feed/index.html]
[localhost/wordpress/wp-json/oembed/1.0/embedbe7b.json]
[localhost/wordpress/wp-json/oembed/1.0/embeddd7e]
[localhost/wordpress/no-sidebar-content-centered/index.html]
[localhost/wordpress/wp-json/wp/v2/pages/285.json]
[localhost/wordpress/wp-json/oembed/1.0/embedf48b.json]
[localhost/wordpress/wp-json/oembed/1.0/embed0800]
[localhost/wordpress/wp-content/plugins/everest-forms/assets/js/inputmask/jquery.inputmask.bundle.minbf7b.js]
[localhost/wordpress/wp-content/plugins/everest-forms/assets/js/jquery-validate/jquery.validate.minbbb4.js]
[localhost/wordpress/wp-content/plugins/everest-forms/assets/js/frontend/everest-forms.min3e0d.js]
[localhost/wordpress/wp-content/plugins/everest-forms/assets/js/mailcheck/mailcheck.mincfa9.js]
[localhost/wordpress/contact-us/index.html]
[localhost/wordpress/wp-json/wp/v2/posts/123.json]
[localhost/wordpress/2015/03/24/destruction-in-montania/feed/index.html]
[localhost/wordpress/wp-json/oembed/1.0/embedd1e4.json]
[localhost/wordpress/wp-json/oembed/1.0/embed77e8]
[localhost/wordpress/wp-content/uploads/2015/03/fireman-100722_1280-1.jpg]
[localhost/wordpress/wp-content/uploads/2015/03/supersonic-fighter-63211_1280-1-390x205.jpg]
[localhost/wordpress/wp-content/uploads/2015/03/beauty-666605_1920-1-390x205.jpg]
[localhost/wordpress/wp-content/uploads/2015/03/swimmer-583667_1280-1-390x205.jpg]
[localhost/wordpress/2015/03/24/destruction-in-montania/index.html]
[localhost/wordpress/wp-json/wp/v2/categories/10.json]
[localhost/wordpress/wp-content/uploads/2015/03/newspapers-444453_1280-1-800x445.jpg]
[localhost/wordpress/category/general/feed/index.html]
[localhost/wordpress/wp-content/uploads/2015/03/sea-418742_1920-1-800x445.jpg]
[localhost/wordpress/wp-content/uploads/2015/03/curve-hills-mountains-4033-821x550-1-1-800x445.jpg]
[localhost/wordpress/wp-content/uploads/2015/03/forest-nature-snow-4058-824x550-1-1-800x445.jpg]
[localhost/wordpress/wp-content/uploads/2015/03/idyllic-lake-landscape-4062-824x550-1-1-800x445.jpg]
[localhost/wordpress/wp-content/uploads/2015/03/adventure-forest-nature-4029-824x550-1-1-800x445.jpg]
[localhost/wordpress/wp-content/uploads/2015/03/birds-cold-fog-4037-825x550-1-1-800x445.jpg]
[localhost/wordpress/category/general/index.html]
[localhost/wordpress/wp-json/wp/v2/categories/12.json]
[localhost/wordpress/category/latest/index.html]
[localhost/wordpress/category/latest/feed/index.html]
[localhost/wordpress/wp-json/wp/v2/categories/13.json]
[localhost/wordpress/category/news/index.html]
[localhost/wordpress/category/news/feed/index.html]
[localhost/wordpress/wp-json/wp/v2/users/1.json]
[localhost/wordpress/author/alibknc/index.html]
[localhost/wordpress/author/alibknc/feed/index.html]
[localhost/wordpress/wp-json/wp/v2/posts/114.json]
[localhost/wordpress/2015/03/24/invention-of-advance-technology/feed/index.html]
[localhost/wordpress/wp-json/oembed/1.0/embedf323.json]
[localhost/wordpress/wp-json/oembed/1.0/embedf929]
[localhost/wordpress/wp-content/uploads/2015/03/vehicle-193213_1280-1-1.jpg]
[localhost/wordpress/2015/03/24/invention-of-advance-technology/index.html]
[localhost/wordpress/wp-json/wp/v2/posts/117.json]
[localhost/wordpress/2015/03/24/music-is-passion/feed/index.html]
[localhost/wordpress/wp-json/oembed/1.0/embed66b8.json]
[localhost/wordpress/wp-json/oembed/1.0/embedca6e]
[localhost/wordpress/wp-content/uploads/2015/03/bride-301814_1280-1.jpg]
[localhost/wordpress/wp-content/uploads/2015/03/bride-301814_1280-1-800x445.jpg]
[localhost/wordpress/2015/03/24/music-is-passion/index.html]
[localhost/wordpress/wp-json/wp/v2/categories/4.json]
[localhost/wordpress/category/entertainment/index.html]
[localhost/wordpress/category/entertainment/feed/index.html]
[localhost/wordpress/wp-json/wp/v2/categories/6.json]
[localhost/wordpress/category/featured/index.html]
[localhost/wordpress/category/featured/feed/index.html]
[localhost/wordpress/wp-json/wp/v2/posts/49.json]
[localhost/wordpress/2015/03/20/a-paradise-for-holiday/feed/index.html]
[localhost/wordpress/wp-json/oembed/1.0/embed9759.json]
[localhost/wordpress/wp-json/oembed/1.0/embed581b]
[localhost/wordpress/wp-content/uploads/2015/03/sea-418742_1920-1.jpg]
[localhost/wordpress/wp-content/uploads/2015/03/bride-301814_1280-1-390x205.jpg]
[localhost/wordpress/2015/03/20/a-paradise-for-holiday/index.html]
[localhost/wordpress/wp-json/wp/v2/posts/40.json]
[localhost/wordpress/2015/03/20/kayaking-adventurous-sport/feed/index.html]
[localhost/wordpress/wp-json/oembed/1.0/embed71cf.json]
[localhost/wordpress/wp-json/oembed/1.0/embed0b8f]
[localhost/wordpress/wp-content/uploads/2015/03/kayaking-569282_1280-1.jpg]
[localhost/wordpress/wp-content/uploads/2015/03/newspapers-444453_1280-1-390x205.jpg]
[localhost/wordpress/2015/03/20/kayaking-adventurous-sport/index.html]
[localhost/wordpress/wp-json/wp/v2/posts/53.json]
[localhost/wordpress/2015/03/19/tennis-match-go-federer/feed/index.html]
[localhost/wordpress/wp-json/oembed/1.0/embed55d4.json]
[localhost/wordpress/wp-json/oembed/1.0/embed5e49]
[localhost/wordpress/wp-content/uploads/2015/03/clouds-sky-stadium-4516-1.jpg]
[localhost/wordpress/wp-content/uploads/2015/03/relaxed-498245_1280-1-390x205.jpg]
[localhost/wordpress/2015/03/19/tennis-match-go-federer/index.html]
[localhost/wordpress/wp-json/wp/v2/posts/135.json]
[localhost/wordpress/2015/03/24/coffee-is-health-food-myth-or-fact/feed/index.html]
[localhost/wordpress/wp-json/oembed/1.0/embed842e.json]
[localhost/wordpress/wp-json/oembed/1.0/embedeff7]
[localhost/wordpress/wp-content/uploads/2015/03/coffee-563797_1280-1.jpg]
[localhost/wordpress/wp-content/uploads/2015/03/mosquito-542156_1280-1-1-390x205.jpg]
[localhost/wordpress/wp-content/uploads/2015/03/thai-food-518035_1920-1-390x205.jpg]
[localhost/wordpress/2015/03/24/coffee-is-health-food-myth-or-fact/index.html]
[localhost/wordpress/wp-json/wp/v2/categories/3.json]
[localhost/wordpress/category/drinks/index.html]
[localhost/wordpress/category/drinks/feed/index.html]
[localhost/wordpress/wp-json/wp/v2/categories/8.json]
[localhost/wordpress/category/food/index.html]
[localhost/wordpress/category/food/feed/index.html]
[localhost/wordpress/wp-json/wp/v2/posts/391.json]
[localhost/wordpress/2015/03/24/mosquito-borne-diseases-has-threaten-world-2/feed/index.html]
[localhost/wordpress/wp-json/oembed/1.0/embed163e.json]
[localhost/wordpress/wp-json/oembed/1.0/embed15d2]
[localhost/wordpress/wp-content/uploads/2015/03/mosquito-542156_1280-1-1.jpg]
[localhost/wordpress/2015/03/24/mosquito-borne-diseases-has-threaten-world-2/index.html]
[localhost/wordpress/wp-json/wp/v2/posts/129.json]
[localhost/wordpress/2015/03/24/get-more-nutrition-in-every-bite/feed/index.html]
[localhost/wordpress/wp-json/oembed/1.0/embed21b4.json]
[localhost/wordpress/wp-json/oembed/1.0/embed4b97]
[localhost/wordpress/wp-content/uploads/2015/03/yummy-333666_1280-1.jpg]
[localhost/wordpress/wp-content/uploads/2015/03/solar-eclipse-152834_1280-1-390x205.png]
[localhost/wordpress/2015/03/24/get-more-nutrition-in-every-bite/index.html]
[localhost/wordpress/wp-json/wp/v2/posts/85.json]
[localhost/wordpress/2015/03/24/womens-relay-competition/feed/index.html]
[localhost/wordpress/wp-json/oembed/1.0/embedeec0.json]
[localhost/wordpress/wp-json/oembed/1.0/embedbe50]
[localhost/wordpress/wp-content/uploads/2015/03/relay-race-655353_1280-1-1.jpg]
[localhost/wordpress/2015/03/24/womens-relay-competition/index.html]
[localhost/wordpress/wp-json/wp/v2/categories/7.json]
[localhost/wordpress/category/female/index.html]
[localhost/wordpress/category/female/feed/index.html]
[localhost/wordpress/wp-json/wp/v2/posts/70.json]
[localhost/wordpress/2015/03/24/looks-from-the-aowsana-2015/feed/index.html]
[localhost/wordpress/wp-json/oembed/1.0/embed85b5.json]
[localhost/wordpress/wp-json/oembed/1.0/embed7b4f]
[localhost/wordpress/wp-content/uploads/2015/03/model-600225_1280-1.jpg]
[localhost/wordpress/wp-content/uploads/2015/03/girl-237871_1280-1-1-390x205.jpg]
[localhost/wordpress/2015/03/24/looks-from-the-aowsana-2015/index.html]
[localhost/wordpress/wp-json/wp/v2/categories/16.json]
[localhost/wordpress/category/style/index.html]
[localhost/wordpress/category/style/feed/index.html]
[localhost/wordpress/wp-json/wp/v2/posts/66.json]
[localhost/wordpress/2015/03/24/color-your-hair-3/feed/index.html]
[localhost/wordpress/wp-json/oembed/1.0/embed63ca.json]
[localhost/wordpress/wp-json/oembed/1.0/embedb8e6]
[localhost/wordpress/wp-content/uploads/2015/03/beauty-666605_1920-1.jpg]
[localhost/wordpress/2015/03/24/color-your-hair-3/index.html]
[localhost/wordpress/wp-json/wp/v2/posts/63.json]
[localhost/wordpress/2015/03/24/new-styling-collections/feed/index.html]
[localhost/wordpress/wp-json/oembed/1.0/embedda4d.json]
[localhost/wordpress/wp-json/oembed/1.0/embeded85]
[localhost/wordpress/wp-content/uploads/2015/03/window-213496_1280-1.jpg]
[localhost/wordpress/2015/03/24/new-styling-collections/index.html]
[localhost/wordpress/wp-json/wp/v2/posts/60.json]
[localhost/wordpress/2015/03/24/consectetur-adipiscing/feed/index.html]
[localhost/wordpress/wp-json/oembed/1.0/embed35d0.json]
[localhost/wordpress/wp-json/oembed/1.0/embed9169]
[localhost/wordpress/wp-content/uploads/2015/03/relaxed-498245_1280-1.jpg]
[localhost/wordpress/2015/03/24/consectetur-adipiscing/index.html]
[localhost/wordpress/wp-json/wp/v2/categories/9.json]
[localhost/wordpress/category/gadgets/index.html]
[localhost/wordpress/category/gadgets/feed/index.html]
[localhost/wordpress/wp-json/wp/v2/posts/111.json]
[localhost/wordpress/2015/03/24/swimming-record/feed/index.html]
[localhost/wordpress/wp-json/oembed/1.0/embed072b.json]
[localhost/wordpress/wp-json/oembed/1.0/embed3cd2]
[localhost/wordpress/wp-content/uploads/2015/03/swimmer-583667_1280-1.jpg]
[localhost/wordpress/2015/03/24/swimming-record/index.html]
[localhost/wordpress/wp-json/wp/v2/posts/108.json]
[localhost/wordpress/2015/03/24/news-with-coffee/feed/index.html]
[localhost/wordpress/wp-json/oembed/1.0/embed419a.json]
[localhost/wordpress/wp-json/oembed/1.0/embeda404]
[localhost/wordpress/wp-content/uploads/2015/03/newspapers-444453_1280-1.jpg]
[localhost/wordpress/2015/03/24/news-with-coffee/index.html]
[localhost/wordpress/wp-content/plugins/everest-forms/assets/fonts/EverestForms1dc3.svg]
[localhost/wordpress/wp-content/plugins/everest-forms/assets/images/icons/loader.svg]
[localhost/wordpress/wp-content/themes/colormag/fontawesome/fonts/fontawesome-webfont3e6e.svg]
[localhost/wordpress/indexcff1.html]
[localhost/wordpress/xmlrpc.php]
[localhost/wordpress/wp-json/wp/v2/categories/1.json]
[localhost/wordpress/category/genel/index.html]
[localhost/wordpress/category/genel/feed/index.html]
[localhost/wordpress/2021/02/28/merhaba-dunya/index6809.html]
[localhost/wordpress/indexead8.html]
[localhost/wordpress/index8af0.html]
[localhost/wordpress/index87e6.html]
[localhost/wordpress/wp-json/wp/v2/posts/84.json]
[localhost/wordpress/2015/03/24/stricking-game/feed/index.html]
[localhost/wordpress/wp-json/oembed/1.0/embed2d69.json]
[localhost/wordpress/wp-json/oembed/1.0/embede047]
[localhost/wordpress/wp-content/uploads/2015/03/baseball-583653_1280-1.jpg]
[localhost/wordpress/2015/03/24/stricking-game/index.html]
[localhost/wordpress/indexf488.html]
[localhost/wordpress/wp-json/wp/v2/posts/83.json]
[localhost/wordpress/2015/03/24/sparians-on-form/feed/index.html]
[localhost/wordpress/wp-json/oembed/1.0/embed9372.json]
[localhost/wordpress/wp-json/oembed/1.0/embedef4c]
[localhost/wordpress/wp-content/uploads/2015/03/basketball-95607_1280-1.jpg]
[localhost/wordpress/wp-content/uploads/2015/03/birds-cold-fog-4037-825x550-1-1-390x205.jpg]
[localhost/wordpress/2015/03/24/sparians-on-form/index.html]
[localhost/wordpress/index31a3.html]
[localhost/wordpress/wp-json/wp/v2/posts/24.json]
[localhost/wordpress/2015/03/16/praesent-ornare-luctus-quam/feed/index.html]
[localhost/wordpress/wp-json/oembed/1.0/embed8e91.json]
[localhost/wordpress/wp-json/oembed/1.0/embedae06]
[localhost/wordpress/wp-content/uploads/2015/03/imac-1500_750-1.jpg]
[localhost/wordpress/wp-content/uploads/2015/03/office-620817_1920-1-390x205.jpg]
[localhost/wordpress/wp-content/uploads/2015/03/american-soldier-381847_1280-1-390x205.jpg]
[localhost/wordpress/2015/03/16/praesent-ornare-luctus-quam/index.html]
[localhost/wordpress/wp-json/wp/v2/posts/82.json]
[localhost/wordpress/2015/03/24/smith-handed-his-place-in-history/feed/index.html]
[localhost/wordpress/wp-json/oembed/1.0/embed46a0.json]
[localhost/wordpress/wp-json/oembed/1.0/embed26ec]
[localhost/wordpress/2015/03/24/smith-handed-his-place-in-history/index.html]
[localhost/wordpress/wp-content/uploads/2015/03/football-622873_1280-1.jpg]
[localhost/wordpress/wp-json/wp/v2/categories/18.json]
[localhost/wordpress/category/top-stories/index.html]
[localhost/wordpress/category/top-stories/feed/index.html]
[localhost/wordpress/wp-json/wp/v2/categories/2.json]
[localhost/wordpress/category/business/index.html]
[localhost/wordpress/category/business/feed/index.html]
[localhost/wordpress/wp-json/wp/v2/posts/20.json]
[localhost/wordpress/2015/03/13/sed-sagittis-risus/feed/index.html]
[localhost/wordpress/wp-json/oembed/1.0/embed81c4.json]
[localhost/wordpress/wp-json/oembed/1.0/embed5575]
[localhost/wordpress/wp-content/uploads/2015/03/office-620817_1920-1.jpg]
[localhost/wordpress/wp-content/uploads/2015/03/imac-1500_750-1-390x205.jpg]
[localhost/wordpress/2015/03/13/sed-sagittis-risus/index.html]
[localhost/wordpress/wp-json/wp/v2/posts/363.json]
[localhost/wordpress/2015/03/13/lorem-ipsum-dolor-sit-amet/feed/index.html]
[localhost/wordpress/wp-json/oembed/1.0/embed410c.json]
[localhost/wordpress/wp-json/oembed/1.0/embedc622]
[localhost/wordpress/wp-content/uploads/2015/03/american-soldier-381847_1280-1.jpg]
[localhost/wordpress/2015/03/13/lorem-ipsum-dolor-sit-amet/index.html]
[localhost/wordpress/wp-json/wp/v2/posts/172.json]
[localhost/wordpress/2015/03/24/lacus-ultricies/feed/index.html]
[localhost/wordpress/wp-json/oembed/1.0/embed83e5.json]
[localhost/wordpress/wp-json/oembed/1.0/embedc5e5]
[localhost/wordpress/wp-content/uploads/2015/03/girl-237871_1280-1-1.jpg]
[localhost/wordpress/2015/03/24/lacus-ultricies/index.html]
[localhost/wordpress/wp-json/wp/v2/posts/46.json]
[localhost/wordpress/2015/03/20/thai-fried-noodle/feed/index.html]
[localhost/wordpress/wp-json/oembed/1.0/embed9d5c.json]
[localhost/wordpress/wp-json/oembed/1.0/embed3086]
[localhost/wordpress/wp-content/uploads/2015/03/thai-food-518035_1920-1.jpg]
[localhost/wordpress/2015/03/20/thai-fried-noodle/index.html]
[localhost/wordpress/indexe8f5.html]
[localhost/wordpress/indexb998.html]
[localhost/wordpress/indexc885.html]
[localhost/wordpress/index261b.html]
[localhost/wordpress/indexd0b8.html]
[localhost/wordpress/indexb8c4.html]
[localhost/wordpress/wp-json/wp/v2/posts/15.json]
[localhost/wordpress/2015/03/13/post-format-gallery/feed/index.html]
[localhost/wordpress/wp-json/oembed/1.0/embedd69c.json]
[localhost/wordpress/wp-json/oembed/1.0/embed576f]
[localhost/wordpress/wp-content/uploads/2015/03/curve-hills-mountains-4033-821x550-1-1.jpg]
[localhost/wordpress/wp-content/uploads/2015/03/forest-nature-snow-4058-824x550-1-1.jpg]
[localhost/wordpress/wp-content/uploads/2015/03/idyllic-lake-landscape-4062-824x550-1-1.jpg]
[localhost/wordpress/wp-content/uploads/2015/03/adventure-forest-nature-4029-824x550-1-1.jpg]
[localhost/wordpress/wp-content/uploads/2015/03/birds-cold-fog-4037-825x550-1-1.jpg]
[localhost/wordpress/2015/03/13/post-format-gallery/index.html]
[localhost/wordpress/author/alibknc/page/2/index.html]
[localhost/wordpress/index30a5.html]
[localhost/wordpress/index8320.html]
[localhost/wordpress/index0012.html]
[localhost/wordpress/index3ba0.html]
[localhost/wordpress/index5fb3.html]
[localhost/wordpress/wp-json/wp/v2/posts/26.json]
[localhost/wordpress/2015/03/16/etiam-eu-orci-luctus-est-pulvinar-egestas/feed/index.html]
[localhost/wordpress/wp-json/oembed/1.0/embed8682.json]
[localhost/wordpress/wp-json/oembed/1.0/embed50f0]
[localhost/wordpress/2015/03/16/etiam-eu-orci-luctus-est-pulvinar-egestas/index.html]
[localhost/wordpress/index86fa.html]
[localhost/wordpress/index64d4.html]
[localhost/wordpress/index1c00.html]
[localhost/wordpress/index648c.html]
[localhost/wordpress/index3f3a.html]
[localhost/wordpress/index4f61.html]
[localhost/wordpress/index2cce.html]
[localhost/wordpress/index0721.html]
[localhost/wordpress/indexbbbb.html]
[localhost/wordpress/index460d.html]
[localhost/wordpress/index735a.html]
[localhost/wordpress/index55e4.html]
[localhost/wordpress/wp-json/wp/v2/posts/8.json]
[localhost/wordpress/2015/03/13/vestibulum-maximus-quis/feed/index.html]
[localhost/wordpress/wp-json/oembed/1.0/embedbe3c.json]
[localhost/wordpress/wp-json/oembed/1.0/embedb5d1]
[localhost/wordpress/2015/03/13/vestibulum-maximus-quis/index.html]
[localhost/wordpress/index2cf9.html]
[localhost/wordpress/index287b.html]
[localhost/wordpress/index341b.html]
[localhost/wordpress/index481e.html]
[localhost/wordpress/indexf4d1.html]
[localhost/wordpress/index7ea6.html]
[localhost/wordpress/indexa1ca.html]
[localhost/wordpress/wp-json/wp/v2/media/16.json]
[localhost/wordpress/feed/index15df.html]
[localhost/wordpress/wp-json/oembed/1.0/embed77c1.json]
[localhost/wordpress/wp-json/oembed/1.0/embede5a0]
[localhost/wordpress/wp-content/uploads/2015/03/curve-hills-mountains-4033-821x550-1-1-300x201.jpg]
[localhost/wordpress/wp-content/uploads/2015/03/football-622873_1280-1-390x205.jpg]
[localhost/wordpress/curve-hills-mountains-4033-821x550/index.html]
[localhost/wordpress/wp-json/wp/v2/media/17.json]
[localhost/wordpress/feed/indexd02a.html]
[localhost/wordpress/wp-json/oembed/1.0/embed4138.json]
[localhost/wordpress/wp-json/oembed/1.0/embeddad0]
[localhost/wordpress/wp-content/uploads/2015/03/forest-nature-snow-4058-824x550-1-1-300x200.jpg]
[localhost/wordpress/forest-nature-snow-4058-824x550/index.html]
[localhost/wordpress/wp-json/wp/v2/media/18.json]
[localhost/wordpress/feed/index97f0.html]
[localhost/wordpress/wp-json/oembed/1.0/embedd7d4.json]
[localhost/wordpress/wp-json/oembed/1.0/embed3556]
[localhost/wordpress/idyllic-lake-landscape-4062-824x550/index.html]
[localhost/wordpress/wp-content/uploads/2015/03/idyllic-lake-landscape-4062-824x550-1-1-300x200.jpg]
[localhost/wordpress/wp-json/wp/v2/media/11.json]
[localhost/wordpress/feed/indexbd32.html]
[localhost/wordpress/wp-json/oembed/1.0/embed925f.json]
[localhost/wordpress/wp-json/oembed/1.0/embed9f0d]
[localhost/wordpress/wp-content/uploads/2015/03/adventure-forest-nature-4029-824x550-1-1-300x200.jpg]
[localhost/wordpress/wp-content/uploads/2015/03/yummy-333666_1280-1-390x205.jpg]
[localhost/wordpress/adventure-forest-nature-4029-824x550/index.html]
[localhost/wordpress/wp-json/wp/v2/media/6.json]
[localhost/wordpress/feed/index1c1c.html]
[localhost/wordpress/wp-json/oembed/1.0/embed69e6.json]
[localhost/wordpress/wp-json/oembed/1.0/embeda05b]
[localhost/wordpress/birds-cold-fog-4037-825x550/index.html]
[localhost/wordpress/wp-content/uploads/2015/03/birds-cold-fog-4037-825x550-1-1-300x200.jpg]
[localhost/wordpress/wp-json/wp/v2/posts/13.json]
[localhost/wordpress/2015/03/13/quisque-nec/feed/index.html]
[localhost/wordpress/wp-json/oembed/1.0/embed0ec6.json]
[localhost/wordpress/wp-json/oembed/1.0/embedd128]
[localhost/wordpress/2015/03/13/quisque-nec/index.html]
[localhost/wordpress/author/alibknc/page/3/index.html]
[localhost/wordpress/index88b9.html]
[localhost/wordpress/index2df4.html]
[localhost/wordpress/index0e62.html]
[localhost/wordpress/indexd8eb.html]
[localhost/wordpress/index0735.html]
[localhost/wordpress/wp-json/wp/v2/media/23.json]
[localhost/wordpress/feed/index1d4b.html]
[localhost/wordpress/wp-json/oembed/1.0/embed4218.json]
[localhost/wordpress/wp-json/oembed/1.0/embed2532]
[localhost/wordpress/wp-content/uploads/2015/03/728-x-901-1.png]
[localhost/wordpress/wp-content/uploads/2015/03/728-x-901-1-300x37.png]
[localhost/wordpress/728-x-90-2/index.html]
[localhost/wordpress/index5757.html]
[localhost/wordpress/index42dc.html]
[localhost/wordpress/index2dc4.html]
[localhost/wordpress/category/wordpress/feed/index.html]
[localhost/wordpress/wp-json/wp/v2/categories/22.json]
[localhost/wordpress/category/wordpress/index.html]
[localhost/wordpress/author/alibknc/page/4/index.html]
[localhost/wordpress/index40a0.html]
[localhost/wordpress/wp-json/wp/v2/media/28.json]
[localhost/wordpress/feed/index1c51.html]
[localhost/wordpress/wp-json/oembed/1.0/embed7a6b.json]
[localhost/wordpress/wp-json/oembed/1.0/embed41ee]
[localhost/wordpress/wp-content/uploads/2015/03/125-x-125-1.png]
[localhost/wordpress/wp-content/uploads/2015/03/adventure-forest-nature-4029-824x550-1-1-390x205.jpg]
[localhost/wordpress/125-x-125/index.html]
[localhost/wordpress/index3c55.html]
[localhost/wordpress/wp-json/wp/v2/media/29.json]
[localhost/wordpress/feed/index46ae.html]
[localhost/wordpress/wp-json/oembed/1.0/embed4ff7.json]
[localhost/wordpress/wp-json/oembed/1.0/embedbd78]
[localhost/wordpress/300-x-250/index.html]
[localhost/wordpress/wp-content/uploads/2015/03/300-x-250-1.png]
[localhost/wordpress/index9cd7.html]
[localhost/wordpress/wp-json/wp/v2/media/37.json]
[localhost/wordpress/feed/index8785.html]
[localhost/wordpress/wp-json/oembed/1.0/embed305d.json]
[localhost/wordpress/wp-json/oembed/1.0/embedf3f7]
[localhost/wordpress/wp-content/uploads/2015/03/imac-1500_750-1-300x150.jpg]
[localhost/wordpress/imac-1500_750/index.html]
[localhost/wordpress/index4837.html]
[localhost/wordpress/wp-json/wp/v2/media/38.json]
[localhost/wordpress/feed/indexb954.html]
[localhost/wordpress/wp-json/oembed/1.0/embedc101.json]
[localhost/wordpress/wp-json/oembed/1.0/embed277a]
[localhost/wordpress/office-620817_1920/index.html]
[localhost/wordpress/wp-content/uploads/2015/03/office-620817_1920-1-300x199.jpg]
[localhost/wordpress/indexb93f.html]
[localhost/wordpress/wp-json/wp/v2/media/39.json]
[localhost/wordpress/feed/indexf979.html]
[localhost/wordpress/wp-json/oembed/1.0/embed8960.json]
[localhost/wordpress/wp-json/oembed/1.0/embedd778]
[localhost/wordpress/wp-content/uploads/2015/03/american-soldier-381847_1280-1-300x198.jpg]
[localhost/wordpress/american-soldier-381847_1280/index.html]
[localhost/wordpress/wp-content/uploads/2015/03/kayaking-569282_1280-1-390x205.jpg]
[localhost/wordpress/indexba52.html]
[localhost/wordpress/wp-json/wp/v2/media/41.json]
[localhost/wordpress/feed/index4805.html]
[localhost/wordpress/wp-json/oembed/1.0/embed16fe.json]
[localhost/wordpress/wp-json/oembed/1.0/embed5fe9]
[localhost/wordpress/kayaking-569282_1280/index.html]
[localhost/wordpress/wp-content/uploads/2015/03/kayaking-569282_1280-1-300x184.jpg]
[localhost/wordpress/indexcbb6.html]
[localhost/wordpress/wp-json/wp/v2/media/44.json]
[localhost/wordpress/feed/indexac17.html]
[localhost/wordpress/wp-json/oembed/1.0/embed177f.json]
[localhost/wordpress/wp-json/oembed/1.0/embed9aa4]
[localhost/wordpress/beauty-666605_1920/index.html]
[localhost/wordpress/wp-content/uploads/2015/03/beauty-666605_1920-1-300x195.jpg]
[localhost/wordpress/index49b1.html]
[localhost/wordpress/wp-json/wp/v2/media/48.json]
[localhost/wordpress/feed/index7335.html]
[localhost/wordpress/wp-json/oembed/1.0/embed7143.json]
[localhost/wordpress/wp-json/oembed/1.0/embedf3a5]
[localhost/wordpress/thai-food-518035_1920/index.html]
[localhost/wordpress/wp-content/uploads/2015/03/thai-food-518035_1920-1-300x225.jpg]
[localhost/wordpress/index94b0.html]
[localhost/wordpress/wp-json/wp/v2/media/50.json]
[localhost/wordpress/feed/indexd51b.html]
[localhost/wordpress/wp-json/oembed/1.0/embed2030.json]
[localhost/wordpress/wp-json/oembed/1.0/embedd4ac]
[localhost/wordpress/sea-418742_1920/index.html]
[localhost/wordpress/wp-content/uploads/2015/03/sea-418742_1920-1-300x225.jpg]
[localhost/wordpress/index6aed.html]
[localhost/wordpress/feed/indexcae3.html]
[localhost/wordpress/wp-json/wp/v2/media/52.json]
[localhost/wordpress/wp-json/oembed/1.0/embed0827.json]
[localhost/wordpress/wp-json/oembed/1.0/embed7abb]
[localhost/wordpress/wp-content/uploads/2015/03/rec728-1.jpg]
[localhost/wordpress/wp-content/uploads/2015/03/rec728-1-300x37.jpg]
[localhost/wordpress/rec728/index.html]
[localhost/wordpress/index4579.html]
[localhost/wordpress/wp-json/wp/v2/media/54.json]
[localhost/wordpress/feed/indexcecc.html]
[localhost/wordpress/wp-json/oembed/1.0/embedf8c5.json]
[localhost/wordpress/wp-json/oembed/1.0/embed94e3]
[localhost/wordpress/wp-content/uploads/2015/03/clouds-sky-stadium-4516-1-300x150.jpg]
[localhost/wordpress/dcim100gopro/index.html]
[localhost/wordpress/indexcc0f.html]
[localhost/wordpress/wp-json/wp/v2/media/57.json]
[localhost/wordpress/feed/index8892.html]
[localhost/wordpress/wp-json/oembed/1.0/embedec52.json]
[localhost/wordpress/wp-json/oembed/1.0/embed0caa]
[localhost/wordpress/colormag-logo/index.html]
[localhost/wordpress/wp-content/uploads/2015/03/colormag-logo-1.png]
[localhost/wordpress/index9787.html]
[localhost/wordpress/wp-json/wp/v2/media/58.json]
[localhost/wordpress/feed/index1fea.html]
[localhost/wordpress/wp-json/oembed/1.0/embed4fdf.json]
[localhost/wordpress/wp-json/oembed/1.0/embeddc09]
[localhost/wordpress/wp-content/uploads/2015/03/728x90-1.png]
[localhost/wordpress/wp-content/uploads/2015/03/728x90-1-300x37.png]
[localhost/wordpress/728x90/index.html]
[localhost/wordpress/indexe9b4.html]
[localhost/wordpress/feed/index9131.html]
[localhost/wordpress/wp-json/wp/v2/media/59.json]
[localhost/wordpress/wp-json/oembed/1.0/embed6fbc.json]
[localhost/wordpress/wp-json/oembed/1.0/embed4179]
[localhost/wordpress/wp-content/uploads/2015/03/urban-438393_1920-1.jpg]
[localhost/wordpress/wp-content/uploads/2015/03/urban-438393_1920-1-300x199.jpg]
[localhost/wordpress/urban-438393_1920/index.html]
[localhost/wordpress/index1098.html]
[localhost/wordpress/wp-json/wp/v2/media/62.json]
[localhost/wordpress/feed/index8862.html]
[localhost/wordpress/wp-json/oembed/1.0/embed9f34.json]
[localhost/wordpress/wp-json/oembed/1.0/embed6197]
[localhost/wordpress/wp-content/uploads/2015/03/relaxed-498245_1280-1-300x200.jpg]
[localhost/wordpress/relaxed-498245_1280/index.html]
[localhost/wordpress/index5c36.html]
[localhost/wordpress/wp-json/wp/v2/media/64.json]
[localhost/wordpress/feed/index0f8c.html]
[localhost/wordpress/wp-json/oembed/1.0/embed1af1.json]
[localhost/wordpress/wp-json/oembed/1.0/embedc8b0]
[localhost/wordpress/wp-content/uploads/2015/03/window-213496_1280-1-300x200.jpg]
[localhost/wordpress/window-213496_1280/index.html]
[localhost/wordpress/index8cd4.html]
[localhost/wordpress/wp-json/wp/v2/media/67.json]
[localhost/wordpress/feed/index5a2a.html]
[localhost/wordpress/wp-json/oembed/1.0/embed09d1.json]
[localhost/wordpress/wp-json/oembed/1.0/embed4100]
[localhost/wordpress/wp-content/uploads/2015/03/woman-378471_1280-1.jpg]
[localhost/wordpress/wp-content/uploads/2015/03/woman-378471_1280-1-200x300.jpg]
[localhost/wordpress/woman-378471_1280/index.html]
[localhost/wordpress/index96f1.html]
[localhost/wordpress/wp-json/wp/v2/media/71.json]
[localhost/wordpress/feed/index3422.html]
[localhost/wordpress/wp-json/oembed/1.0/embed4621.json]
[localhost/wordpress/wp-json/oembed/1.0/embed1997]
[localhost/wordpress/wp-content/uploads/2015/03/model-600225_1280-1-300x200.jpg]
[localhost/wordpress/model-600225_1280/index.html]
[localhost/wordpress/index6cf3.html]
[localhost/wordpress/wp-json/wp/v2/media/86.json]
[localhost/wordpress/feed/indexef05.html]
[localhost/wordpress/wp-json/oembed/1.0/embed9bfc.json]
[localhost/wordpress/wp-json/oembed/1.0/embed9fa4]
[localhost/wordpress/wp-content/uploads/2015/03/baseball-583653_1280-1-300x199.jpg]
[localhost/wordpress/baseball-583653_1280/index.html]
[localhost/wordpress/index6213.html]
[localhost/wordpress/wp-json/wp/v2/media/88.json]
[localhost/wordpress/feed/indexe93f.html]
[localhost/wordpress/wp-json/oembed/1.0/embedcd49.json]
[localhost/wordpress/wp-json/oembed/1.0/embed8e42]
[localhost/wordpress/basketball-95607_1280/index.html]
[localhost/wordpress/wp-content/uploads/2015/03/basketball-95607_1280-1-300x199.jpg]
[localhost/wordpress/index8ed7.html]
[localhost/wordpress/wp-json/wp/v2/media/90.json]
[localhost/wordpress/feed/index7bf3.html]
[localhost/wordpress/wp-json/oembed/1.0/embedbcdc.json]
[localhost/wordpress/wp-json/oembed/1.0/embedde51]
[localhost/wordpress/football-622873_1280/index.html]
[localhost/wordpress/wp-content/uploads/2015/03/football-622873_1280-1-300x205.jpg]
[localhost/wordpress/indexeffd.html]
[localhost/wordpress/feed/index290d.html]
[localhost/wordpress/wp-json/wp/v2/media/93.json]
[localhost/wordpress/wp-json/oembed/1.0/embed2015.json]
[localhost/wordpress/wp-json/oembed/1.0/embed125d]
[localhost/wordpress/relay-race-655353_1280-2/index.html]
[localhost/wordpress/wp-content/uploads/2015/03/relay-race-655353_1280-1-1-300x200.jpg]
[localhost/wordpress/index36d4.html]
[localhost/wordpress/wp-json/wp/v2/media/106.json]
[localhost/wordpress/feed/indexfc9e.html]
[localhost/wordpress/wp-json/oembed/1.0/embed3ed2.json]
[localhost/wordpress/wp-json/oembed/1.0/embed515e]
[localhost/wordpress/wp-content/uploads/2015/03/fireman-100722_1280-1-300x214.jpg]
[localhost/wordpress/fireman-100722_1280/index.html]
[localhost/wordpress/index153d.html]
[localhost/wordpress/wp-json/wp/v2/media/109.json]
[localhost/wordpress/feed/index1442.html]
[localhost/wordpress/wp-json/oembed/1.0/embed0291.json]
[localhost/wordpress/wp-json/oembed/1.0/embed0f2d]
[localhost/wordpress/wp-content/uploads/2015/03/newspapers-444453_1280-1-300x199.jpg]
[localhost/wordpress/newspapers-444453_1280/index.html]
[localhost/wordpress/indexe887.html]
[localhost/wordpress/wp-json/wp/v2/media/112.json]
[localhost/wordpress/feed/index434d.html]
[localhost/wordpress/wp-json/oembed/1.0/embed4f73.json]
[localhost/wordpress/wp-json/oembed/1.0/embed6b5c]
[localhost/wordpress/swimmer-583667_1280/index.html]
[localhost/wordpress/wp-content/uploads/2015/03/swimmer-583667_1280-1-300x193.jpg]
[localhost/wordpress/index8820.html]
[localhost/wordpress/wp-json/wp/v2/media/115.json]
[localhost/wordpress/feed/index1e76.html]
[localhost/wordpress/wp-json/oembed/1.0/embedff7f.json]
[localhost/wordpress/wp-json/oembed/1.0/embedfa8e]
[localhost/wordpress/wp-content/uploads/2015/03/aircraft-123005_1280-1.jpg]
[localhost/wordpress/wp-content/uploads/2015/03/aircraft-123005_1280-1-300x199.jpg]
[localhost/wordpress/aircraft-123005_1280/index.html]
[localhost/wordpress/index0a10.html]
[localhost/wordpress/wp-json/wp/v2/media/118.json]
[localhost/wordpress/feed/index289f.html]
[localhost/wordpress/wp-json/oembed/1.0/embeda539.json]
[localhost/wordpress/wp-json/oembed/1.0/embed9f6a]
[localhost/wordpress/wp-content/uploads/2015/03/bride-301814_1280-1-300x200.jpg]
[localhost/wordpress/bride-301814_1280/index.html]
[localhost/wordpress/indexdb4e.html]
[localhost/wordpress/wp-json/wp/v2/media/130.json]
[localhost/wordpress/feed/indexa12d.html]
[localhost/wordpress/wp-json/oembed/1.0/embed13c3.json]
[localhost/wordpress/wp-json/oembed/1.0/embed543c]
[localhost/wordpress/wp-content/uploads/2015/03/yummy-333666_1280-1-300x225.jpg]
[localhost/wordpress/yummy-333666_1280/index.html]
[localhost/wordpress/index8b4e.html]
[localhost/wordpress/wp-json/wp/v2/media/133.json]
[localhost/wordpress/feed/indexa0e1.html]
[localhost/wordpress/wp-json/oembed/1.0/embed3c21.json]
[localhost/wordpress/wp-json/oembed/1.0/embed85da]
[localhost/wordpress/solar-eclipse-152834_1280/index.html]
[localhost/wordpress/wp-content/uploads/2015/03/solar-eclipse-152834_1280-1-286x300.png]
[localhost/wordpress/index9c49.html]
[localhost/wordpress/wp-json/wp/v2/media/136.json]
[localhost/wordpress/feed/indexbbc9.html]
[localhost/wordpress/wp-json/oembed/1.0/embed4c2a.json]
[localhost/wordpress/wp-json/oembed/1.0/embed61a0]
[localhost/wordpress/wp-content/uploads/2015/03/coffee-563797_1280-1-300x200.jpg]
[localhost/wordpress/coffee-563797_1280/index.html]
[localhost/wordpress/index9469.html]
[localhost/wordpress/wp-json/wp/v2/media/141.json]
[localhost/wordpress/feed/index1554.html]
[localhost/wordpress/wp-json/oembed/1.0/embed1501.json]
[localhost/wordpress/wp-json/oembed/1.0/embed56ab]
[localhost/wordpress/wp-content/uploads/2015/03/mosquito-542156_1280-1-1-300x199.jpg]
[localhost/wordpress/mosquito-542156_1280-2/index.html]
[localhost/wordpress/index269b.html]
[localhost/wordpress/wp-json/wp/v2/media/148.json]
[localhost/wordpress/feed/indexc814.html]
[localhost/wordpress/wp-json/oembed/1.0/embeddc64.json]
[localhost/wordpress/wp-json/oembed/1.0/embed2b1b]
[localhost/wordpress/wp-content/uploads/2015/03/drone-407393_1280-1-1.jpg]
[localhost/wordpress/wp-content/uploads/2015/03/drone-407393_1280-1-1-300x225.jpg]
[localhost/wordpress/drone-407393_1280-2/index.html]
[localhost/wordpress/indexa36b.html]
[localhost/wordpress/wp-json/wp/v2/media/150.json]
[localhost/wordpress/feed/index1432.html]
[localhost/wordpress/wp-json/oembed/1.0/embedb688.json]
[localhost/wordpress/wp-json/oembed/1.0/embed2d01]
[localhost/wordpress/wp-content/uploads/2015/03/drone-674238_1280-1-1-300x200.jpg]
[localhost/wordpress/drone-674238_1280-2/index.html]
[localhost/wordpress/index56d6.html]
[localhost/wordpress/wp-json/wp/v2/media/152.json]
[localhost/wordpress/feed/indexbb99.html]
[localhost/wordpress/wp-json/oembed/1.0/embed28a6.json]
[localhost/wordpress/wp-json/oembed/1.0/embed7837]
[localhost/wordpress/wp-content/uploads/2015/03/quadrocopter-451747_1280-1-1.jpg]
[localhost/wordpress/wp-content/uploads/2015/03/quadrocopter-451747_1280-1-1-300x225.jpg]
[localhost/wordpress/quadrocopter-451747_1280-2/index.html]
[localhost/wordpress/index1611.html]
[localhost/wordpress/wp-json/wp/v2/media/153.json]
[localhost/wordpress/feed/index026e.html]
[localhost/wordpress/wp-json/oembed/1.0/embedc825.json]
[localhost/wordpress/wp-json/oembed/1.0/embede00f]
[localhost/wordpress/iphone-500291_1280/index.html]
[localhost/wordpress/wp-content/uploads/2015/03/iphone-500291_1280-1-300x200.jpg]
[localhost/wordpress/indexd7d8.html]
[localhost/wordpress/wp-json/wp/v2/media/156.json]
[localhost/wordpress/feed/indexdbfe.html]
[localhost/wordpress/wp-json/oembed/1.0/embed83f1.json]
[localhost/wordpress/wp-json/oembed/1.0/embed1896]
[localhost/wordpress/headphones-15600_1280/index.html]
[localhost/wordpress/wp-content/uploads/2015/03/headphones-15600_1280-1-300x225.jpg]
[localhost/wordpress/indexd1a7.html]
[localhost/wordpress/wp-json/wp/v2/media/159.json]
[localhost/wordpress/feed/indexd50e.html]
[localhost/wordpress/wp-json/oembed/1.0/embed9ce3.json]
[localhost/wordpress/wp-json/oembed/1.0/embed92e5]
[localhost/wordpress/supersonic-fighter-63211_1280/index.html]
[localhost/wordpress/wp-content/uploads/2015/03/supersonic-fighter-63211_1280-1-300x235.jpg]
[localhost/wordpress/indexb950.html]
[localhost/wordpress/wp-json/wp/v2/media/161.json]
[localhost/wordpress/feed/index7814.html]
[localhost/wordpress/wp-json/oembed/1.0/embed766b.json]
[localhost/wordpress/wp-json/oembed/1.0/embedbbf2]
[localhost/wordpress/wp-content/uploads/2015/03/72890-ad1-1.jpg]
[localhost/wordpress/wp-content/uploads/2015/03/72890-ad1-1-300x37.jpg]
[localhost/wordpress/72890-ad-2-2/index.html]
[localhost/wordpress/index8816.html]
[localhost/wordpress/wp-json/wp/v2/media/163.json]
[localhost/wordpress/feed/indexcb14.html]
[localhost/wordpress/wp-json/oembed/1.0/embedbda4.json]
[localhost/wordpress/wp-json/oembed/1.0/embed9e05]
[localhost/wordpress/logo-2/index.html]
[localhost/wordpress/index4034.html]
[localhost/wordpress/wp-json/wp/v2/media/164.json]
[localhost/wordpress/feed/index33a0.html]
[localhost/wordpress/wp-json/oembed/1.0/embed254c.json]
[localhost/wordpress/wp-json/oembed/1.0/embed0293]
[localhost/wordpress/125ad/index.html]
[localhost/wordpress/wp-content/uploads/2015/03/125ad-1.jpg]
[localhost/wordpress/index7760.html]
[localhost/wordpress/wp-json/wp/v2/media/166.json]
[localhost/wordpress/feed/indexc355.html]
[localhost/wordpress/wp-json/oembed/1.0/embedcbac.json]
[localhost/wordpress/wp-json/oembed/1.0/embede71e]
[localhost/wordpress/125ad-2-2/index.html]
[localhost/wordpress/wp-content/uploads/2015/03/125ad1-1.jpg]
[localhost/wordpress/index8e01.html]
[localhost/wordpress/wp-json/wp/v2/media/169.json]
[localhost/wordpress/feed/index7969.html]
[localhost/wordpress/wp-json/oembed/1.0/embed9a88.json]
[localhost/wordpress/wp-json/oembed/1.0/embed71c3]
[localhost/wordpress/wp-content/uploads/2015/03/vehicle-193213_1280-1-1-300x225.jpg]
[localhost/wordpress/vehicle-193213_1280-2/index.html]
[localhost/wordpress/indexff23.html]
[localhost/wordpress/wp-json/wp/v2/media/174.json]
[localhost/wordpress/feed/index89f3.html]
[localhost/wordpress/wp-json/oembed/1.0/embed932a.json]
[localhost/wordpress/wp-json/oembed/1.0/embed1152]
[localhost/wordpress/wp-content/uploads/2015/03/girl-237871_1280-1-1-199x300.jpg]
[localhost/wordpress/girl-237871_1280-2/index.html]
[localhost/wordpress/index0325.html]
[localhost/wordpress/wp-json/wp/v2/media/181.json]
[localhost/wordpress/feed/indexc625.html]
[localhost/wordpress/wp-json/oembed/1.0/embed947e.json]
[localhost/wordpress/wp-json/oembed/1.0/embed1567]
[localhost/wordpress/wp-content/uploads/2015/03/cropped-sea-418742_1920-1-1.jpg]
[localhost/wordpress/wp-content/uploads/2015/03/cropped-sea-418742_1920-1-1-300x86.jpg]
[localhost/wordpress/cropped-sea-418742_1920-jpg-2/index.html]
[localhost/wordpress/index7c2c.html]
[localhost/wordpress/wp-json/wp/v2/media/201.json]
[localhost/wordpress/feed/index150a.html]
[localhost/wordpress/wp-json/oembed/1.0/embed86ba.json]
[localhost/wordpress/wp-json/oembed/1.0/embed991c]
[localhost/wordpress/wp-content/uploads/2015/07/ad-color-mag-large-1.jpg]
[localhost/wordpress/wp-content/uploads/2015/07/ad-color-mag-large-1-300x37.jpg]
[localhost/wordpress/ad-color-mag-large/index.html]
[localhost/wordpress/index5721.html]
[localhost/wordpress/wp-json/wp/v2/media/202.json]
[localhost/wordpress/feed/index3e84.html]
[localhost/wordpress/wp-json/oembed/1.0/embed7b72.json]
[localhost/wordpress/wp-json/oembed/1.0/embedfd4c]
[localhost/wordpress/ad-color-mag-medium/index.html]
[localhost/wordpress/wp-content/uploads/2015/07/ad-color-mag-medium-1.jpg]
[localhost/wordpress/index6452.html]
[localhost/wordpress/wp-json/wp/v2/media/214.json]
[localhost/wordpress/feed/indexaf9d.html]
[localhost/wordpress/wp-json/oembed/1.0/embed3963.json]
[localhost/wordpress/wp-json/oembed/1.0/embed422c]
[localhost/wordpress/color-mag-pop-up-1/index.html]
[localhost/wordpress/wp-content/uploads/2015/07/color-mag-pop-up-1-1.jpg]
[localhost/wordpress/indexba1b.html]
[localhost/wordpress/wp-json/wp/v2/media/232.json]
[localhost/wordpress/wp-json/oembed/1.0/embed804e.json]
[localhost/wordpress/wp-json/oembed/1.0/embed8359]
[localhost/wordpress/wp-content/uploads/2016/03/estore-popup-new-1-1-1.jpg]
[localhost/wordpress/wp-content/uploads/2016/03/estore-popup-new-1-1-1-300x135.jpg]
[localhost/wordpress/estore-popup-new-1-2/index.html]
[localhost/wordpress/index80c9.html]
[localhost/wordpress/wp-json/wp/v2/media/279.json]
[localhost/wordpress/wp-json/oembed/1.0/embed045e.json]
[localhost/wordpress/wp-json/oembed/1.0/embed5722]
[localhost/wordpress/wp-content/uploads/2017/06/one-click-demo-1.jpg]
[localhost/wordpress/wp-content/uploads/2017/06/one-click-demo-1-300x208.jpg]
[localhost/wordpress/one-click-demo/index.html]
[localhost/wordpress/index45c8.html]
[localhost/wordpress/wp-json/wp/v2/media/302.json]
[localhost/wordpress/wp-json/oembed/1.0/embedfc57.json]
[localhost/wordpress/wp-json/oembed/1.0/embeda60c]
[localhost/wordpress/wp-content/uploads/2015/03/cropped-girl-237871_1280-2.jpg]
[localhost/wordpress/wp-content/uploads/2015/03/cropped-girl-237871_1280-2-300x300.jpg]
[localhost/wordpress/cropped-girl-237871_1280-jpg/index.html]
[localhost/wordpress/index52e8.html]
[localhost/wordpress/wp-json/wp/v2/media/303.json]
[localhost/wordpress/wp-json/oembed/1.0/embed6e8e.json]
[localhost/wordpress/wp-json/oembed/1.0/embedcd34]
[localhost/wordpress/wp-content/uploads/2015/03/cropped-girl-237871_1280-1-1.jpg]
[localhost/wordpress/wp-content/uploads/2015/03/cropped-girl-237871_1280-1-1-300x58.jpg]
[localhost/wordpress/cropped-girl-237871_1280-1-jpg/index.html]
[localhost/wordpress/indexa853.html]
[localhost/wordpress/wp-json/wp/v2/media/344.json]
[localhost/wordpress/wp-json/oembed/1.0/embed62bb.json]
[localhost/wordpress/wp-json/oembed/1.0/embede06f]
[localhost/wordpress/tg-logo/index.html]
[localhost/wordpress/index6150.html]
